<html>
<body>
<pre>
<h1>µVision Build Log</h1>
<h2>Project:</h2>
C:\Users\Admin\Desktop\Last_Project\Locking_System_Using_STM32-in-one-file\Locking_System_Using_STM32-in-one-file.uvproj
Project File Date:  07/04/2026

<h2>Output:</h2>
Rebuild target 'Target 1'
assembling startup_stm32f10x_md.s...
compiling system_stm32f10x.c...
compiling main.c...
linking...
Program Size: Code=3482 RO-data=274 RW-data=60 ZI-data=1636  
".\Locking_System_Using_STM32-in-one-file.axf" - 0 Error(s), 0 Warning(s).
